  xz_front.png  502x566
  xz_34.png  502x566
  xz_side.png  502x566
  xz_back.png  502x566
  prop_waterskin.png  502x566
  prop_warrant.png  502x566
  prop_bundle.png  502x566
  prop_staff.png  502x566
  li_daliang.png  502x1130
  li_chang.png  502x1130
  shi_pantuo.png  502x1130
  old_man.png  502x1130
  xz_expr_01.png  335x1130
  xz_expr_02.png  335x1130
  xz_expr_03.png  335x1130
  xz_expr_04.png  335x1130
  xz_expr_05.png  335x1130
  xz_expr_06.png  335x1130
  xz_walk_01.png  502x1130
  xz_walk_02.png  502x1130
  xz_walk_03.png  502x1130
  xz_walk_04.png  502x1130
切分完成
