=== 序列校验（相邻景别梯度<=2，同景别须换角度）===
  PASS

=== 装配解析（代码完成）===
镜头          景别   角度    资产       模式         人物px    脚底y
01_gate     WS   eye   walk_a   scaled      480    797
02_hall     FS   eye   stand    scaled      691    850
03_office   MS   eye   medium   native      960    960
04_yamen    MCU  low   mcu      native      960    960
05_river    MFS  eye   cowboy   native      960    960
06_desert   WS   eye   walk_a   scaled      480    797
07_oasis    FS   eye   kneel    scaled      691    850
08_yiwu     WS   eye   walk_a   scaled      480    797
  01_gate     240帧 rc=0 43.9s 1220KB
  02_hall     240帧 rc=0 36.5s 226KB
  03_office   240帧 rc=0 37.2s 224KB
  04_yamen    240帧 rc=0 37.0s 163KB
  05_river    240帧 rc=0 39.8s 1368KB
  06_desert   300帧 rc=0 40.6s 1039KB
  07_oasis    270帧 rc=0 38.3s 426KB
  08_yiwu     300帧 rc=0 42.2s 1303KB

合并 rc=0 -> 大唐偷渡客_v3.mp4
  6115KB  总耗时 375.3s
