==========================================================================
按需调度渲染 v4
==========================================================================

[01_gate] 180帧 rc=0 37.6s 773KB
  启用: animation, composite, skeleton, subtitle
  休眠: physics
  skeleton    启用        -        -       -
  animation   启用      180次     5.78ms   0.032ms/次
  physics     休眠        -        -       -
  composite   启用      180次  2864.03ms  15.911ms/次
  subtitle    启用      180次  1392.60ms   7.737ms/次
  合计                      4262.41ms

[02_hall] 180帧 rc=0 30.1s 152KB
  启用: composite, subtitle
  休眠: skeleton, animation, physics
  skeleton    休眠        -        -       -
  animation   休眠        -        -       -
  physics     休眠        -        -       -
  composite   启用      180次    22.55ms   0.125ms/次
  subtitle    启用      180次    71.89ms   0.399ms/次
  合计                        94.44ms

[03_office] 180帧 rc=0 30.7s 125KB
  启用: composite, subtitle
  休眠: skeleton, animation, physics
  skeleton    休眠        -        -       -
  animation   休眠        -        -       -
  physics     休眠        -        -       -
  composite   启用      180次    22.12ms   0.123ms/次
  subtitle    启用      180次    59.33ms   0.330ms/次
  合计                        81.45ms

[04_yamen] 180帧 rc=0 30.6s 114KB
  启用: composite, subtitle
  休眠: skeleton, animation, physics
  skeleton    休眠        -        -       -
  animation   休眠        -        -       -
  physics     休眠        -        -       -
  composite   启用      180次    26.80ms   0.149ms/次
  subtitle    启用      180次    65.68ms   0.365ms/次
  合计                        92.48ms

[05_river] 180帧 rc=0 30.4s 104KB
  启用: animation, composite, skeleton, subtitle
  休眠: physics
  skeleton    启用        -        -       -
  animation   启用      180次     0.11ms   0.001ms/次
  physics     休眠        -        -       -
  composite   启用      180次    36.31ms   0.202ms/次
  subtitle    启用      180次   229.42ms   1.275ms/次
  合计                       265.85ms

[06_desert] 240帧 rc=0 32.8s 63KB
  启用: animation, composite, physics, skeleton, subtitle
  休眠: 无
  skeleton    启用        -        -       -
  animation   启用      240次     0.11ms   0.000ms/次
  physics     启用      240次     5.48ms   0.023ms/次
  composite   启用      240次    33.10ms   0.138ms/次
  subtitle    启用      240次    81.18ms   0.338ms/次
  合计                       119.87ms

[07_oasis] 180帧 rc=0 30.2s 108KB
  启用: composite, subtitle
  休眠: skeleton, animation, physics
  skeleton    休眠        -        -       -
  animation   休眠        -        -       -
  physics     休眠        -        -       -
  composite   启用      180次    25.83ms   0.143ms/次
  subtitle    启用      180次    63.22ms   0.351ms/次
  合计                        89.04ms

[08_yiwu] 180帧 rc=0 29.7s 88KB
  启用: animation, composite, skeleton, subtitle
  休眠: physics
  skeleton    启用        -        -       -
  animation   启用      180次     0.10ms   0.001ms/次
  physics     休眠        -        -       -
  composite   启用      180次    22.64ms   0.126ms/次
  subtitle    启用      180次   214.15ms   1.190ms/次
  合计                       236.89ms

合并 rc=0 -> 大唐偷渡客_v4.mp4
  2548KB  总耗时 297.2s
